[2026-07-31:36:36:3636] [[32minfo[39m]: [32m🚀 Servidor seguro corriendo en http://localhost:3000[39m
[2026-07-31:40:44:4044] [[35mhttp[39m]: [35mGET / 404 139 - 0.906 ms[39m
[2026-07-31:45:33:4533] [[35mhttp[39m]: [35mGET /api/v1 404 145 - 0.392 ms[39m
[2026-07-31:45:45:4545] [[35mhttp[39m]: [35mPOST /api/v1 404 146 - 0.183 ms[39m
[2026-07-31:46:49:4649] [[35mhttp[39m]: [35mPOST /api/v1 404 146 - 0.363 ms[39m
[2026-07-31:47:11:4711] [[35mhttp[39m]: [35mPOST /api/v1 404 146 - 0.230 ms[39m
[2026-07-31:47:47:4747] [[35mhttp[39m]: [35mPOST /api/v1 404 146 - 0.127 ms[39m
[2026-07-31:47:58:4758] [[35mhttp[39m]: [35mGET /api/v1 404 145 - 0.141 ms[39m
[2026-07-31:51:33:5133] [[35mhttp[39m]: [35mGET /api/v1/test 404 150 - 0.269 ms[39m
[2026-07-31:51:53:5153] [[35mhttp[39m]: [35mPOST /api/v1/test 500 735 - 4.308 ms[39m
[2026-07-31:54:04:544] [[35mhttp[39m]: [35mPOST /api/v1/test 500 823 - 0.458 ms[39m
[2026-07-31:56:12:5612] [[32minfo[39m]: [32m🚀 Servidor seguro corriendo en http://localhost:3000[39m
[2026-07-31:56:19:5619] [[35mhttp[39m]: [35mPOST /api/v1/test 500 823 - 4.475 ms[39m
[2026-07-31:02:29:229] [[32minfo[39m]: [32m🚀 Servidor seguro corriendo en http://localhost:3000[39m
[2026-07-31:02:33:233] [[33mwarning[39m]: [33mIntento de petición sin firma HMAC desde IP: ::1[39m
[2026-07-31:02:33:233] [[35mhttp[39m]: [35mPOST /api/v1/test 401 50 - 4.534 ms[39m
[2026-07-31:06:48:648] [[33mwarning[39m]: [33mIntento de petición sin firma HMAC desde IP: ::1[39m
[2026-07-31:06:48:648] [[35mhttp[39m]: [35mPOST /api/v1/test 401 50 - 0.650 ms[39m
[2026-07-31:07:01:71] [[33mwarning[39m]: [33mIntento de petición sin firma HMAC desde IP: ::1[39m
[2026-07-31:07:01:71] [[35mhttp[39m]: [35mPOST /api/v1/test 401 50 - 0.477 ms[39m
[2026-07-31:07:07:77] [[33mwarning[39m]: [33mIntento de petición sin firma HMAC desde IP: ::1[39m
[2026-07-31:07:07:77] [[35mhttp[39m]: [35mPOST /api/v1/test 401 50 - 0.495 ms[39m
[2026-07-31:09:13:913] [[33mwarning[39m]: [33mIntento de petición sin firma HMAC desde IP: ::1[39m
[2026-07-31:09:13:913] [[35mhttp[39m]: [35mPOST /api/v1/test 401 50 - 0.498 ms[39m
[2026-07-31:15:58:1558] [[33mwarning[39m]: [33mIntento de petición sin firma HMAC desde IP: ::1[39m
[2026-07-31:15:58:1558] [[35mhttp[39m]: [35mPOST /api/v1/test 401 50 - 0.486 ms[39m
[2026-07-31:20:49:2049] [[31merror[39m]: [31mFirma HMAC inválida. IP: ::1[39m
[2026-07-31:20:49:2049] [[35mhttp[39m]: [35mPOST /api/v1/test 403 53 - 0.698 ms[39m
[2026-07-31:23:00:230] [[32minfo[39m]: [32mRuta de prueba accedida exitosamente por: Carlos[39m
[2026-07-31:23:00:230] [[35mhttp[39m]: [35mPOST /api/v1/test 200 146 - 1.259 ms[39m
[2026-07-31:30:55:3055] [[32minfo[39m]: [32mRuta de prueba accedida exitosamente por: Carlos[39m
[2026-07-31:30:55:3055] [[35mhttp[39m]: [35mPOST /api/v1/test 200 146 - 0.564 ms[39m
[2026-07-31:32:17:3217] [[32minfo[39m]: [32m🚀 Servidor seguro corriendo en http://localhost:3000[39m
[2026-07-31:32:23:3223] [[31merror[39m]: [31mFirma HMAC inválida. IP: ::1[39m
[2026-07-31:32:23:3223] [[35mhttp[39m]: [35mPOST /api/v1/test 403 53 - 4.473 ms[39m
[2026-07-31:33:57:3357] [[31merror[39m]: [31mFirma HMAC inválida. IP: ::1[39m
[2026-07-31:33:57:3357] [[35mhttp[39m]: [35mPOST /api/v1/test 403 53 - 0.820 ms[39m
[2026-07-31:34:40:3440] [[32minfo[39m]: [32m🚀 Servidor seguro corriendo en http://localhost:3000[39m
[2026-07-31:34:51:3451] [[32minfo[39m]: [32mRuta de prueba accedida exitosamente por: Carlos[39m
[2026-07-31:34:51:3451] [[35mhttp[39m]: [35mPOST /api/v1/test 200 146 - 5.033 ms[39m
[2026-07-31:37:50:3750] [[32minfo[39m]: [32m🚀 Servidor seguro corriendo en http://localhost:3000[39m
[2026-07-31:37:54:3754] [[31merror[39m]: [31mFirma HMAC inválida. IP: ::1[39m
[2026-07-31:37:54:3754] [[35mhttp[39m]: [35mPOST /api/v1/test 403 53 - 4.782 ms[39m
[2026-07-31:39:26:3926] [[32minfo[39m]: [32m🚀 Servidor seguro corriendo en http://localhost:3000[39m
[2026-07-31:39:30:3930] [[32minfo[39m]: [32mRuta de prueba accedida exitosamente por: Carlos[39m
[2026-07-31:39:30:3930] [[35mhttp[39m]: [35mPOST /api/v1/test 200 146 - 5.286 ms[39m
[2026-07-31:39:54:3954] [[35mhttp[39m]: [35mPOST /api/v1/test 500 1149 - 2.217 ms[39m
[2026-07-31:40:21:4021] [[32minfo[39m]: [32m🚀 Servidor seguro corriendo en http://localhost:3000[39m
[2026-07-31:40:27:4027] [[33mwarning[39m]: [33mError de validación de datos: [{"origin":"string","code":"invalid_format","format":"email","pattern":"/^(?!\\.)(?!.*\\.\\.)([A-Za-z0-9_'+\\-\\.]*)[A-Za-z0-9_+-]@([A-Za-z0-9][A-Za-z0-9\\-]*\\.)+[A-Za-z]{2,}$/","path":["body","email"],"message":"Formato de correo electrónico inválido"}][39m
[2026-07-31:40:27:4027] [[35mhttp[39m]: [35mPOST /api/v1/test 400 100 - 5.211 ms[39m
[2026-07-31:41:40:4140] [[32minfo[39m]: [32m🚀 Servidor seguro corriendo en http://localhost:3000[39m
[2026-07-31:41:43:4143] [[33mwarning[39m]: [33mError de validación de datos: undefined[39m
[2026-07-31:41:43:4143] [[35mhttp[39m]: [35mPOST /api/v1/test 400 100 - 5.205 ms[39m
[2026-07-31:42:20:4220] [[32minfo[39m]: [32mRuta de prueba accedida exitosamente por: Carlos Libano[39m
[2026-07-31:42:20:4220] [[35mhttp[39m]: [35mPOST /api/v1/test 200 153 - 0.820 ms[39m
